src/components/IngredientSelectorModal.tsx(48,11): error TS2552: Cannot find name 'analysisTimeoutRef'. Did you mean 'analysisTimeout'?
src/components/IngredientSelectorModal.tsx(49,22): error TS2552: Cannot find name 'analysisTimeoutRef'. Did you mean 'analysisTimeout'?
src/components/IngredientSelectorModal.tsx(50,9): error TS2552: Cannot find name 'analysisTimeoutRef'. Did you mean 'analysisTimeout'?
src/components/IngredientSelectorModal.tsx(75,13): error TS7030: Not all code paths return a value.
src/components/IngredientSelectorModal.tsx(79,11): error TS2552: Cannot find name 'analysisTimeoutRef'. Did you mean 'analysisTimeout'?
src/components/IngredientSelectorModal.tsx(80,22): error TS2552: Cannot find name 'analysisTimeoutRef'. Did you mean 'analysisTimeout'?
src/components/IngredientSelectorModal.tsx(83,7): error TS2552: Cannot find name 'analysisTimeoutRef'. Did you mean 'analysisTimeout'?
src/components/IngredientSelectorModal.tsx(88,13): error TS2552: Cannot find name 'analysisTimeoutRef'. Did you mean 'analysisTimeout'?
src/components/IngredientSelectorModal.tsx(89,24): error TS2304: Cannot find name 'analysisTimeoutRef'.
src/components/IngredientSelectorModal.tsx(90,11): error TS2304: Cannot find name 'analysisTimeoutRef'.
src/components/IngredientSelectorModal.tsx(95,11): error TS2552: Cannot find name 'analysisTimeoutRef'. Did you mean 'analysisTimeout'?
src/components/IngredientSelectorModal.tsx(96,22): error TS2552: Cannot find name 'analysisTimeoutRef'. Did you mean 'analysisTimeout'?
src/components/IngredientSelectorModal.tsx(97,9): error TS2552: Cannot find name 'analysisTimeoutRef'. Did you mean 'analysisTimeout'?
src/components/IngredientSelectorModal.tsx(168,32): error TS2304: Cannot find name 'handleDescriptionChange'.
src/pages/DashboardPage.tsx(61,13): error TS7030: Not all code paths return a value.
