
> sistema-pos-backend@0.1.0 build
> tsc -p .

src/index.ts(382,25): error TS2532: Object is possibly 'undefined'.
